{
   "s": true,
   "t1": {
      "t0": {
         "vv": 1
      },
      "t4": [
         "aaa",
         {
            "vv": 1
         }
      ],
      "t4_d": true,
      "t5": "aaa",
      "t5_d": true
   }
}
